// Jest Snapshot v1, https://goo.gl/fbAQLP

exports[`Activity component should generate component 1`] = `
<View
  style={
    Object {
      "alignContent": "center",
      "height": "100%",
      "justifyContent": "center",
    }
  }
>
  <ActivityIndicator
    animating={true}
    color="#45D56E"
    hidesWhenStopped={true}
    size="large"
    style={
      Object {
        "height": 80,
      }
    }
  />
</View>
`;
